// Jest Snapshot v1, https://goo.gl/fbAQLP

exports[`matches snapshot 1`] = `
<DocumentFragment>
  <div
    class="App"
  >
    <div>
      <form>
        <label
          for="width"
        >
          Add a Todo
        </label>
        <input
          id="task"
          name="task"
          type="text"
          value=""
        />
        <button>
          Add
        </button>
      </form>
      <ul />
    </div>
  </div>
</DocumentFragment>
`;
