// Jest Snapshot v1, https://goo.gl/fbAQLP

exports[`matches snapshot 1`] = `
<DocumentFragment>
  <div>
    <form>
      <label
        for="task"
      >
        Add a Todo
      </label>
      <input
        id="task"
        name="task"
        type="text"
        value=""
      />
      <button>
        Add
      </button>
    </form>
    <ul />
  </div>
</DocumentFragment>
`;
